../Core/Src/cJSON.c:102:1:cJSON_GetErrorPtr	4	static
../Core/Src/cJSON.c:107:1:cJSON_GetStringValue	16	static
../Core/Src/cJSON.c:116:1:cJSON_GetNumberValue	16	static
../Core/Src/cJSON.c:130:1:cJSON_Version	16	static
../Core/Src/cJSON.c:139:12:case_insensitive_strcmp	24	static
../Core/Src/cJSON.c:194:23:cJSON_strdup	24	static
../Core/Src/cJSON.c:214:1:cJSON_InitHooks	16	static
../Core/Src/cJSON.c:241:15:cJSON_New_Item	24	static
../Core/Src/cJSON.c:252:1:cJSON_Delete	24	static
../Core/Src/cJSON.c:273:22:get_decimal_point	4	static
../Core/Src/cJSON.c:299:19:parse_number	56	static
../Core/Src/cJSON.c:392:1:cJSON_SetNumberHelper	24	static
../Core/Src/cJSON.c:410:1:cJSON_SetValuestring	32	static
../Core/Src/cJSON.c:459:23:ensure	24	static
../Core/Src/cJSON.c:529:13:update_offset	32	static
../Core/Src/cJSON.c:540:19:compare_double	56	static
../Core/Src/cJSON.c:546:19:print_number	96	static
../Core/Src/cJSON.c:606:17:parse_hex4	24	static
../Core/Src/cJSON.c:634:22:utf16_literal_to_utf8	48	static
../Core/Src/cJSON.c:737:19:parse_string	48	static
../Core/Src/cJSON.c:860:19:print_string_ptr	40	static
../Core/Src/cJSON.c:971:19:print_string	16	static
../Core/Src/cJSON.c:990:22:buffer_skip_whitespace	16	static
../Core/Src/cJSON.c:1011:22:skip_utf8_bom	16	static
../Core/Src/cJSON.c:1026:1:cJSON_ParseWithOpts	32	static
../Core/Src/cJSON.c:1043:1:cJSON_ParseWithLengthOpts	64	static
../Core/Src/cJSON.c:1114:1:cJSON_Parse	16	static
../Core/Src/cJSON.c:1119:1:cJSON_ParseWithLength	16	static
../Core/Src/cJSON.c:1125:23:print	64	static
../Core/Src/cJSON.c:1188:1:cJSON_Print	16	static
../Core/Src/cJSON.c:1193:1:cJSON_PrintUnformatted	16	static
../Core/Src/cJSON.c:1198:1:cJSON_PrintBuffered	64	static
../Core/Src/cJSON.c:1225:26:cJSON_PrintPreallocated	64	static
../Core/Src/cJSON.c:1245:19:parse_value	16	static
../Core/Src/cJSON.c:1304:19:print_value	24	static
../Core/Src/cJSON.c:1370:19:parse_array	32	static
../Core/Src/cJSON.c:1459:19:print_array	32	static
../Core/Src/cJSON.c:1517:19:parse_object	32	static
../Core/Src/cJSON.c:1630:19:print_object	40	static
../Core/Src/cJSON.c:1735:1:cJSON_GetArraySize	24	static
../Core/Src/cJSON.c:1755:15:get_array_item	24	static
../Core/Src/cJSON.c:1772:1:cJSON_GetArrayItem	16	static
../Core/Src/cJSON.c:1780:15:get_object_item	32	static
../Core/Src/cJSON.c:1810:1:cJSON_GetObjectItem	16	static
../Core/Src/cJSON.c:1815:1:cJSON_GetObjectItemCaseSensitive	16	static
../Core/Src/cJSON.c:1820:26:cJSON_HasObjectItem	16	static
../Core/Src/cJSON.c:1826:13:suffix_object	16	static
../Core/Src/cJSON.c:1832:15:create_reference	24	static
../Core/Src/cJSON.c:1851:19:add_item_to_array	24	static
../Core/Src/cJSON.c:1879:26:cJSON_AddItemToArray	16	static
../Core/Src/cJSON.c:1891:14:cast_away_const	16	static
../Core/Src/cJSON.c:1898:19:add_item_to_object	32	static
../Core/Src/cJSON.c:1931:26:cJSON_AddItemToObject	32	static
../Core/Src/cJSON.c:1937:26:cJSON_AddItemToObjectCS	32	static
../Core/Src/cJSON.c:1942:26:cJSON_AddItemReferenceToArray	16	static
../Core/Src/cJSON.c:1952:26:cJSON_AddItemReferenceToObject	32	static
../Core/Src/cJSON.c:1963:1:cJSON_AddNullToObject	32	static
../Core/Src/cJSON.c:1974:1:cJSON_AddTrueToObject	32	static
../Core/Src/cJSON.c:1985:1:cJSON_AddFalseToObject	32	static
../Core/Src/cJSON.c:1996:1:cJSON_AddBoolToObject	40	static
../Core/Src/cJSON.c:2008:1:cJSON_AddNumberToObject	40	static
../Core/Src/cJSON.c:2020:1:cJSON_AddStringToObject	40	static
../Core/Src/cJSON.c:2032:1:cJSON_AddRawToObject	40	static
../Core/Src/cJSON.c:2044:1:cJSON_AddObjectToObject	32	static
../Core/Src/cJSON.c:2055:1:cJSON_AddArrayToObject	32	static
../Core/Src/cJSON.c:2066:1:cJSON_DetachItemViaPointer	16	static
../Core/Src/cJSON.c:2097:1:cJSON_DetachItemFromArray	16	static
../Core/Src/cJSON.c:2106:1:cJSON_DeleteItemFromArray	16	static
../Core/Src/cJSON.c:2111:1:cJSON_DetachItemFromObject	24	static
../Core/Src/cJSON.c:2118:1:cJSON_DetachItemFromObjectCaseSensitive	24	static
../Core/Src/cJSON.c:2125:1:cJSON_DeleteItemFromObject	16	static
../Core/Src/cJSON.c:2130:1:cJSON_DeleteItemFromObjectCaseSensitive	16	static
../Core/Src/cJSON.c:2135:26:cJSON_InsertItemInArray	32	static
../Core/Src/cJSON.c:2169:26:cJSON_ReplaceItemViaPointer	24	static
../Core/Src/cJSON.c:2218:26:cJSON_ReplaceItemInArray	24	static
../Core/Src/cJSON.c:2228:19:replace_item_in_object	24	static
../Core/Src/cJSON.c:2251:26:cJSON_ReplaceItemInObject	24	static
../Core/Src/cJSON.c:2256:26:cJSON_ReplaceItemInObjectCaseSensitive	24	static
../Core/Src/cJSON.c:2263:1:cJSON_CreateNull	16	static
../Core/Src/cJSON.c:2273:1:cJSON_CreateTrue	16	static
../Core/Src/cJSON.c:2283:1:cJSON_CreateFalse	16	static
../Core/Src/cJSON.c:2293:1:cJSON_CreateBool	24	static
../Core/Src/cJSON.c:2303:1:cJSON_CreateNumber	24	static
../Core/Src/cJSON.c:2323:1:cJSON_CreateString	24	static
../Core/Src/cJSON.c:2339:1:cJSON_CreateStringReference	24	static
../Core/Src/cJSON.c:2350:1:cJSON_CreateObjectReference	24	static
../Core/Src/cJSON.c:2361:1:cJSON_CreateArrayReference	24	static
../Core/Src/cJSON.c:2372:1:cJSON_CreateRaw	24	static
../Core/Src/cJSON.c:2388:1:cJSON_CreateArray	16	static
../Core/Src/cJSON.c:2398:1:cJSON_CreateObject	16	static
../Core/Src/cJSON.c:2409:1:cJSON_CreateIntArray	32	static
../Core/Src/cJSON.c:2443:1:cJSON_CreateFloatArray	32	static
../Core/Src/cJSON.c:2477:1:cJSON_CreateDoubleArray	32	static
../Core/Src/cJSON.c:2511:1:cJSON_CreateStringArray	32	static
../Core/Src/cJSON.c:2548:1:cJSON_Duplicate	16	static
../Core/Src/cJSON.c:2552:8:cJSON_Duplicate_rec	40	static
../Core/Src/cJSON.c:2627:13:skip_oneline_comment	16	static
../Core/Src/cJSON.c:2638:13:skip_multiline_comment	16	static
../Core/Src/cJSON.c:2649:13:minify_string	16	static
../Core/Src/cJSON.c:2671:1:cJSON_Minify	24	static
../Core/Src/cJSON.c:2712:26:cJSON_IsInvalid	16	static
../Core/Src/cJSON.c:2722:26:cJSON_IsFalse	16	static
../Core/Src/cJSON.c:2732:26:cJSON_IsTrue	16	static
../Core/Src/cJSON.c:2742:26:cJSON_IsBool	16	static
../Core/Src/cJSON.c:2751:26:cJSON_IsNull	16	static
../Core/Src/cJSON.c:2761:26:cJSON_IsNumber	16	static
../Core/Src/cJSON.c:2771:26:cJSON_IsString	16	static
../Core/Src/cJSON.c:2781:26:cJSON_IsArray	16	static
../Core/Src/cJSON.c:2791:26:cJSON_IsObject	16	static
../Core/Src/cJSON.c:2801:26:cJSON_IsRaw	16	static
../Core/Src/cJSON.c:2811:26:cJSON_Compare	40	static
../Core/Src/cJSON.c:2937:1:cJSON_malloc	16	static
../Core/Src/cJSON.c:2942:1:cJSON_free	16	static
