../Core/Src/main.c:152:6:HAL_UARTEx_RxEventCallback	24	static
../Core/Src/main.c:176:6:HAL_UART_ErrorCallback	16	static
../Core/Src/main.c:194:6:set_speed	16	static
../Core/Src/main.c:211:14:computeHeading	72	static
../Core/Src/main.c:229:7:readHeading	16	static
../Core/Src/main.c:241:7:angle_diff	24	static
../Core/Src/main.c:253:6:readIMU	8	static
../Core/Src/main.c:264:6:calculateAngle	48	static
../Core/Src/main.c:319:6:Estimate_Position_GPS_Kalman	80	static
../Core/Src/main.c:518:9:navigation_task	112	static
../Core/Src/main.c:607:6:Calibrate_Gyro	40	static
../Core/Src/main.c:635:7:mapf	32	static
../Core/Src/main.c:638:6:sendHeartbeat	8	static
../Core/Src/main.c:653:6:sendTelemetry	120	static
../Core/Src/main.c:689:5:main	32	static
../Core/Src/main.c:803:6:SystemClock_Config	88	static
../Core/Src/main.c:847:13:MX_I2C1_Init	8	static
../Core/Src/main.c:879:13:MX_SPI1_Init	8	static
../Core/Src/main.c:915:13:MX_TIM3_Init	48	static
../Core/Src/main.c:974:13:MX_USART1_UART_Init	8	static
../Core/Src/main.c:1005:13:MX_USART2_UART_Init	8	static
../Core/Src/main.c:1036:13:MX_USART3_UART_Init	8	static
../Core/Src/main.c:1065:13:MX_DMA_Init	16	static
../Core/Src/main.c:1092:13:MX_GPIO_Init	48	static
../Core/Src/main.c:1172:6:Error_Handler	4	static,ignoring_inline_asm
